// Jest Snapshot v1, https://goo.gl/fbAQLP

exports[`<CategoriesList /> should match snapshots 1`] = `
Object {
  "asFragment": [Function],
  "baseElement": <body>
    <div>
      <ul
        class="sc-bczRLJ iqorin"
        data-testid="categories-list"
      >
        <nav>
          <li
            data-testid="content-categories-list"
          >
            <a
              href="/electronics"
            >
              electronics
            </a>
          </li>
          <li
            data-testid="content-categories-list"
          >
            <a
              href="/jewelery"
            >
              jewelery
            </a>
          </li>
          <li
            data-testid="content-categories-list"
          >
            <a
              href="/men's clothing"
            >
              men's clothing
            </a>
          </li>
          <li
            data-testid="content-categories-list"
          >
            <a
              href="/women's clothing"
            >
              women's clothing
            </a>
          </li>
        </nav>
      </ul>
    </div>
  </body>,
  "container": <div>
    <ul
      class="sc-bczRLJ iqorin"
      data-testid="categories-list"
    >
      <nav>
        <li
          data-testid="content-categories-list"
        >
          <a
            href="/electronics"
          >
            electronics
          </a>
        </li>
        <li
          data-testid="content-categories-list"
        >
          <a
            href="/jewelery"
          >
            jewelery
          </a>
        </li>
        <li
          data-testid="content-categories-list"
        >
          <a
            href="/men's clothing"
          >
            men's clothing
          </a>
        </li>
        <li
          data-testid="content-categories-list"
        >
          <a
            href="/women's clothing"
          >
            women's clothing
          </a>
        </li>
      </nav>
    </ul>
  </div>,
  "debug": [Function],
  "findAllByAltText": [Function],
  "findAllByDisplayValue": [Function],
  "findAllByLabelText": [Function],
  "findAllByPlaceholderText": [Function],
  "findAllByRole": [Function],
  "findAllByTestId": [Function],
  "findAllByText": [Function],
  "findAllByTitle": [Function],
  "findByAltText": [Function],
  "findByDisplayValue": [Function],
  "findByLabelText": [Function],
  "findByPlaceholderText": [Function],
  "findByRole": [Function],
  "findByTestId": [Function],
  "findByText": [Function],
  "findByTitle": [Function],
  "getAllByAltText": [Function],
  "getAllByDisplayValue": [Function],
  "getAllByLabelText": [Function],
  "getAllByPlaceholderText": [Function],
  "getAllByRole": [Function],
  "getAllByTestId": [Function],
  "getAllByText": [Function],
  "getAllByTitle": [Function],
  "getByAltText": [Function],
  "getByDisplayValue": [Function],
  "getByLabelText": [Function],
  "getByPlaceholderText": [Function],
  "getByRole": [Function],
  "getByTestId": [Function],
  "getByText": [Function],
  "getByTitle": [Function],
  "queryAllByAltText": [Function],
  "queryAllByDisplayValue": [Function],
  "queryAllByLabelText": [Function],
  "queryAllByPlaceholderText": [Function],
  "queryAllByRole": [Function],
  "queryAllByTestId": [Function],
  "queryAllByText": [Function],
  "queryAllByTitle": [Function],
  "queryByAltText": [Function],
  "queryByDisplayValue": [Function],
  "queryByLabelText": [Function],
  "queryByPlaceholderText": [Function],
  "queryByRole": [Function],
  "queryByTestId": [Function],
  "queryByText": [Function],
  "queryByTitle": [Function],
  "rerender": [Function],
  "unmount": [Function],
}
`;
